// Jest Snapshot v1, https://goo.gl/fbAQLP

exports[`Layout renders homepage unchanged 1`] = `
<div>
  <html
    lang="en"
  >
    <body
      class="className"
    >
      <nav>
        <ul
          class="flex"
        >
          <li>
            <a
              href="./"
            >
              Home
            </a>
          </li>
          <li>
            <a
              href="./editor"
            >
              Editor
            </a>
          </li>
        </ul>
      </nav>
      <div>
        Dummy
      </div>
    </body>
  </html>
</div>
`;
